<?php return array (
  0 => 'Spatie\\LaravelSettings\\Tests\\TestClasses\\DummySettings',
  1 => 'Spatie\\LaravelSettings\\Tests\\TestClasses\\DummySimpleSettings',
  2 => 'Spatie\\LaravelSettings\\Tests\\TestClasses\\DummySettingsEloquent',
);
